[www.mattsexpresscarwash.com/index.html]
[backblue.gif]
[fade.gif]
[index.html]
[www.mattsexpresscarwash.com/feed/index.html]
[www.mattsexpresscarwash.com/comments/feed/index.html]
[www.mattsexpresscarwash.com/wp-includes/js/jquery/jquery4a5f.js]
[www.mattsexpresscarwash.com/wp-includes/js/jquery/jquery-migrate.min330a.js]
[www.mattsexpresscarwash.com/xmlrpc0db0.php]
[www.mattsexpresscarwash.com/wp-json/index.html]
[www.mattsexpresscarwash.com/wp-includes/wlwmanifest.xml]
[www.mattsexpresscarwash.com/wp-json/oembed/1.0/embed98c7.json]
[www.mattsexpresscarwash.com/wp-json/oembed/1.0/embed87cc]
[www.mattsexpresscarwash.com/wp-content/uploads/2019/10/mattslogo.png]
[www.mattsexpresscarwash.com/wp-content/uploads/2019/10/bubble.png]
[www.mattsexpresscarwash.com/152-2/index.html]
[www.mattsexpresscarwash.com/wp-content/uploads/2019/11/matts.jpg]
[www.mattsexpresscarwash.com/wp-content/uploads/2019/10/new_ourteam.jpg]
[www.mattsexpresscarwash.com/wp-content/uploads/2019/10/carwash2-dark.jpg]
[www.mattsexpresscarwash.com/wp-content/plugins/instagram-feed/img/placeholder.png]
[www.mattsexpresscarwash.com/wp-content/themes/Divi/js/custom.min7ed1.js]
[www.mattsexpresscarwash.com/wp-content/themes/Divi/core/admin/js/common7ed1.js]
[www.mattsexpresscarwash.com/wp-includes/js/wp-embed.min4d2c.js]
[www.mattsexpresscarwash.com/index.html]
[www.mattsexpresscarwash.com/xmlrpc.php]
[www.mattsexpresscarwash.com/wp-content/plugins/instagram-feed/js/sb-instagram-2-0-1.min4c56.js]
[www.mattsexpresscarwash.com/wp-content/plugins/instagram-feed/css/sb-instagram-2-0-2.min4c56.css]
[www.mattsexpresscarwash.com/wp-includes/css/dist/block-library/style.min4d2c.css]
[www.mattsexpresscarwash.com/wp-content/plugins/instagram-feed/img/small-logo.png]
[www.mattsexpresscarwash.com/wp-content/themes/Divi/core/admin/fonts/modules.eot]
[www.mattsexpresscarwash.com/wp-content/themes/Divi/core/admin/fonts/modulesd41d.eot]
[www.mattsexpresscarwash.com/wp-content/themes/Divi/core/admin/fonts/modules.ttf]
[www.mattsexpresscarwash.com/wp-content/themes/Divi/core/admin/fonts/modules.woff]
[www.mattsexpresscarwash.com/wp-content/themes/Divi/includes/builder/styles/images/subscribe-loader.gif]
[www.mattsexpresscarwash.com/wp-content/themes/Divi/includes/builder/styles/images/preloader.gif]
[www.mattsexpresscarwash.com/wp-content/themes/Divi/style7ed1.css]
[www.mattsexpresscarwash.com/wp-content/themes/Divi/epanel/shortcodes/images/shortcodes-sprite.png]
[www.mattsexpresscarwash.com/wp-includes/fonts/dashicons2ce6.eot]
[www.mattsexpresscarwash.com/wp-includes/css/dashicons.min4d2c.css]
[www.mattsexpresscarwash.com/wp-includes/fonts/dashicons2ce6.ttf]
[www.mattsexpresscarwash.com/wp-content/cache/et/5/et-core-unified-15738554033985.min.css]
[www.mattsexpresscarwash.com/wp-content/uploads/2019/10/bgcarwash-new.jpg]
[www.mattsexpresscarwash.com/wp-json/oembed/1.0/embeda79d.json]
[www.mattsexpresscarwash.com/wp-json/oembed/1.0/embed9c68]
[www.mattsexpresscarwash.com/wp-content/plugins/wpforms-lite/assets/js/jquery.validate.minb3a6.js]
[www.mattsexpresscarwash.com/wp-content/plugins/wpforms-lite/assets/js/mailcheck.mincfa9.js]
[www.mattsexpresscarwash.com/152-2/index.html]
[www.mattsexpresscarwash.com/wp-content/themes/Divi/core/admin/fonts/modules.svg]
[www.mattsexpresscarwash.com/wp-content/plugins/wpforms-lite/assets/css/wpforms-full7dfc.css]
[www.mattsexpresscarwash.com/index1611.html]
[www.mattsexpresscarwash.com/wp-content/cache/et/152/et-core-unified-15738561961032.min.css]
[www.mattsexpresscarwash.com/wp-content/plugins/wpforms-lite/assets/js/wpforms7dfc.js]
